Command line invocation:
    /Applications/Xcode.app/Contents/Developer/usr/bin/xcodebuild -project VibeRSS_Test.xcodeproj -scheme VibeRSS_Test -destination "platform=iOS Simulator,name=iPhone 17" build

2025-11-29 04:17:32.437 xcodebuild[56078:4073518] [MT] IDERunDestination: Supported platforms for the buildables in the current scheme is empty.
ComputePackagePrebuildTargetDependencyGraph

Prepare packages

CreateBuildRequest

SendProjectDescription

CreateBuildOperation

ComputeTargetDependencyGraph
note: Building targets in dependency order
note: Target dependency graph (1 target)
    Target 'VibeRSS_Test' in project 'VibeRSS_Test' (no dependencies)

GatherProvisioningInputs

CreateBuildDescription

ExecuteExternalTool /Applications/Xcode.app/Contents/Developer/Toolchains/XcodeDefault.xctoolchain/usr/bin/clang -v -E -dM -isysroot /Applications/Xcode.app/Contents/Developer/Platforms/iPhoneSimulator.platform/Developer/SDKs/iPhoneSimulator26.1.sdk -x c -c /dev/null

ExecuteExternalTool /Applications/Xcode.app/Contents/Developer/usr/bin/actool --print-asset-tag-combinations --output-format xml1 /Users/thienly/VibeRSS/VibeRSS_Test/Assets.xcassets

ExecuteExternalTool /Applications/Xcode.app/Contents/Developer/usr/bin/actool --version --output-format xml1

ExecuteExternalTool /Applications/Xcode.app/Contents/Developer/Toolchains/XcodeDefault.xctoolchain/usr/bin/swiftc --version

ExecuteExternalTool /Applications/Xcode.app/Contents/Developer/Toolchains/XcodeDefault.xctoolchain/usr/bin/ld -version_details

Build description signature: 924f376425afe770e7d0ace5974be94b
Build description path: /Users/thienly/Library/Developer/Xcode/DerivedData/VibeRSS_Test-goardwdogipzivalcjwszazdpuas/Build/Intermediates.noindex/XCBuildData/924f376425afe770e7d0ace5974be94b.xcbuilddata
ClangStatCache /Applications/Xcode.app/Contents/Developer/Toolchains/XcodeDefault.xctoolchain/usr/bin/clang-stat-cache /Applications/Xcode.app/Contents/Developer/Platforms/iPhoneSimulator.platform/Developer/SDKs/iPhoneSimulator26.1.sdk /Users/thienly/Library/Developer/Xcode/DerivedData/SDKStatCaches.noindex/iphonesimulator26.1-23B77-90cf18a4295e390e64c810bc6bd7acbc.sdkstatcache
    cd /Users/thienly/VibeRSS/VibeRSS_Test.xcodeproj
    /Applications/Xcode.app/Contents/Developer/Toolchains/XcodeDefault.xctoolchain/usr/bin/clang-stat-cache /Applications/Xcode.app/Contents/Developer/Platforms/iPhoneSimulator.platform/Developer/SDKs/iPhoneSimulator26.1.sdk -o /Users/thienly/Library/Developer/Xcode/DerivedData/SDKStatCaches.noindex/iphonesimulator26.1-23B77-90cf18a4295e390e64c810bc6bd7acbc.sdkstatcache

ProcessInfoPlistFile /Users/thienly/Library/Developer/Xcode/DerivedData/VibeRSS_Test-goardwdogipzivalcjwszazdpuas/Build/Products/Debug-iphonesimulator/VibeRSS_Test.app/Info.plist /Users/thienly/Library/Developer/Xcode/DerivedData/VibeRSS_Test-goardwdogipzivalcjwszazdpuas/Build/Intermediates.noindex/VibeRSS_Test.build/Debug-iphonesimulator/VibeRSS_Test.build/empty-VibeRSS_Test.plist (in target 'VibeRSS_Test' from project 'VibeRSS_Test')
    cd /Users/thienly/VibeRSS
    builtin-infoPlistUtility /Users/thienly/Library/Developer/Xcode/DerivedData/VibeRSS_Test-goardwdogipzivalcjwszazdpuas/Build/Intermediates.noindex/VibeRSS_Test.build/Debug-iphonesimulator/VibeRSS_Test.build/empty-VibeRSS_Test.plist -producttype com.apple.product-type.application -genpkginfo /Users/thienly/Library/Developer/Xcode/DerivedData/VibeRSS_Test-goardwdogipzivalcjwszazdpuas/Build/Products/Debug-iphonesimulator/VibeRSS_Test.app/PkgInfo -expandbuildsettings -format binary -platform iphonesimulator -additionalcontentfile /Users/thienly/Library/Developer/Xcode/DerivedData/VibeRSS_Test-goardwdogipzivalcjwszazdpuas/Build/Intermediates.noindex/VibeRSS_Test.build/Debug-iphonesimulator/VibeRSS_Test.build/assetcatalog_generated_info.plist -o /Users/thienly/Library/Developer/Xcode/DerivedData/VibeRSS_Test-goardwdogipzivalcjwszazdpuas/Build/Products/Debug-iphonesimulator/VibeRSS_Test.app/Info.plist

SwiftDriver VibeRSS_Test normal arm64 com.apple.xcode.tools.swift.compiler (in target 'VibeRSS_Test' from project 'VibeRSS_Test')
    cd /Users/thienly/VibeRSS
    builtin-SwiftDriver -- /Applications/Xcode.app/Contents/Developer/Toolchains/XcodeDefault.xctoolchain/usr/bin/swiftc -module-name VibeRSS_Test -Onone -enforce-exclusivity\=checked @/Users/thienly/Library/Developer/Xcode/DerivedData/VibeRSS_Test-goardwdogipzivalcjwszazdpuas/Build/Intermediates.noindex/VibeRSS_Test.build/Debug-iphonesimulator/VibeRSS_Test.build/Objects-normal/arm64/VibeRSS_Test.SwiftFileList -DDEBUG -default-isolation\=MainActor -enable-bare-slash-regex -enable-upcoming-feature DisableOutwardActorInference -enable-upcoming-feature InferSendableFromCaptures -enable-upcoming-feature GlobalActorIsolatedTypesUsability -enable-upcoming-feature MemberImportVisibility -enable-upcoming-feature InferIsolatedConformances -enable-upcoming-feature NonisolatedNonsendingByDefault -enable-experimental-feature DebugDescriptionMacro -sdk /Applications/Xcode.app/Contents/Developer/Platforms/iPhoneSimulator.platform/Developer/SDKs/iPhoneSimulator26.1.sdk -target arm64-apple-ios26.0-simulator -g -module-cache-path /Users/thienly/Library/Developer/Xcode/DerivedData/ModuleCache.noindex -Xfrontend -serialize-debugging-options -profile-coverage-mapping -profile-generate -enable-testing -index-store-path /Users/thienly/Library/Developer/Xcode/DerivedData/VibeRSS_Test-goardwdogipzivalcjwszazdpuas/Index.noindex/DataStore -Xcc -D_LIBCPP_HARDENING_MODE\=_LIBCPP_HARDENING_MODE_DEBUG -swift-version 5 -I /Users/thienly/Library/Developer/Xcode/DerivedData/VibeRSS_Test-goardwdogipzivalcjwszazdpuas/Build/Products/Debug-iphonesimulator -F /Users/thienly/Library/Developer/Xcode/DerivedData/VibeRSS_Test-goardwdogipzivalcjwszazdpuas/Build/Products/Debug-iphonesimulator -emit-localized-strings -emit-localized-strings-path /Users/thienly/Library/Developer/Xcode/DerivedData/VibeRSS_Test-goardwdogipzivalcjwszazdpuas/Build/Intermediates.noindex/VibeRSS_Test.build/Debug-iphonesimulator/VibeRSS_Test.build/Objects-normal/arm64 -c -j8 -enable-batch-mode -incremental -Xcc -ivfsstatcache -Xcc /Users/thienly/Library/Developer/Xcode/DerivedData/SDKStatCaches.noindex/iphonesimulator26.1-23B77-90cf18a4295e390e64c810bc6bd7acbc.sdkstatcache -output-file-map /Users/thienly/Library/Developer/Xcode/DerivedData/VibeRSS_Test-goardwdogipzivalcjwszazdpuas/Build/Intermediates.noindex/VibeRSS_Test.build/Debug-iphonesimulator/VibeRSS_Test.build/Objects-normal/arm64/VibeRSS_Test-OutputFileMap.json -use-frontend-parseable-output -save-temps -no-color-diagnostics -explicit-module-build -module-cache-path /Users/thienly/Library/Developer/Xcode/DerivedData/VibeRSS_Test-goardwdogipzivalcjwszazdpuas/Build/Intermediates.noindex/SwiftExplicitPrecompiledModules -clang-scanner-module-cache-path /Users/thienly/Library/Developer/Xcode/DerivedData/ModuleCache.noindex -sdk-module-cache-path /Users/thienly/Library/Developer/Xcode/DerivedData/ModuleCache.noindex -serialize-diagnostics -emit-dependencies -emit-module -emit-module-path /Users/thienly/Library/Developer/Xcode/DerivedData/VibeRSS_Test-goardwdogipzivalcjwszazdpuas/Build/Intermediates.noindex/VibeRSS_Test.build/Debug-iphonesimulator/VibeRSS_Test.build/Objects-normal/arm64/VibeRSS_Test.swiftmodule -validate-clang-modules-once -clang-build-session-file /Users/thienly/Library/Developer/Xcode/DerivedData/ModuleCache.noindex/Session.modulevalidation -Xcc -I/Users/thienly/Library/Developer/Xcode/DerivedData/VibeRSS_Test-goardwdogipzivalcjwszazdpuas/Build/Intermediates.noindex/VibeRSS_Test.build/Debug-iphonesimulator/VibeRSS_Test.build/swift-overrides.hmap -emit-const-values -Xfrontend -const-gather-protocols-file -Xfrontend /Users/thienly/Library/Developer/Xcode/DerivedData/VibeRSS_Test-goardwdogipzivalcjwszazdpuas/Build/Intermediates.noindex/VibeRSS_Test.build/Debug-iphonesimulator/VibeRSS_Test.build/Objects-normal/arm64/VibeRSS_Test_const_extract_protocols.json -Xcc -iquote -Xcc /Users/thienly/Library/Developer/Xcode/DerivedData/VibeRSS_Test-goardwdogipzivalcjwszazdpuas/Build/Intermediates.noindex/VibeRSS_Test.build/Debug-iphonesimulator/VibeRSS_Test.build/VibeRSS_Test-generated-files.hmap -Xcc -I/Users/thienly/Library/Developer/Xcode/DerivedData/VibeRSS_Test-goardwdogipzivalcjwszazdpuas/Build/Intermediates.noindex/VibeRSS_Test.build/Debug-iphonesimulator/VibeRSS_Test.build/VibeRSS_Test-own-target-headers.hmap -Xcc -I/Users/thienly/Library/Developer/Xcode/DerivedData/VibeRSS_Test-goardwdogipzivalcjwszazdpuas/Build/Intermediates.noindex/VibeRSS_Test.build/Debug-iphonesimulator/VibeRSS_Test.build/VibeRSS_Test-all-target-headers.hmap -Xcc -iquote -Xcc /Users/thienly/Library/Developer/Xcode/DerivedData/VibeRSS_Test-goardwdogipzivalcjwszazdpuas/Build/Intermediates.noindex/VibeRSS_Test.build/Debug-iphonesimulator/VibeRSS_Test.build/VibeRSS_Test-project-headers.hmap -Xcc -I/Users/thienly/Library/Developer/Xcode/DerivedData/VibeRSS_Test-goardwdogipzivalcjwszazdpuas/Build/Products/Debug-iphonesimulator/include -Xcc -I/Users/thienly/Library/Developer/Xcode/DerivedData/VibeRSS_Test-goardwdogipzivalcjwszazdpuas/Build/Intermediates.noindex/VibeRSS_Test.build/Debug-iphonesimulator/VibeRSS_Test.build/DerivedSources-normal/arm64 -Xcc -I/Users/thienly/Library/Developer/Xcode/DerivedData/VibeRSS_Test-goardwdogipzivalcjwszazdpuas/Build/Intermediates.noindex/VibeRSS_Test.build/Debug-iphonesimulator/VibeRSS_Test.build/DerivedSources/arm64 -Xcc -I/Users/thienly/Library/Developer/Xcode/DerivedData/VibeRSS_Test-goardwdogipzivalcjwszazdpuas/Build/Intermediates.noindex/VibeRSS_Test.build/Debug-iphonesimulator/VibeRSS_Test.build/DerivedSources -Xcc -DDEBUG\=1 -emit-objc-header -emit-objc-header-path /Users/thienly/Library/Developer/Xcode/DerivedData/VibeRSS_Test-goardwdogipzivalcjwszazdpuas/Build/Intermediates.noindex/VibeRSS_Test.build/Debug-iphonesimulator/VibeRSS_Test.build/Objects-normal/arm64/VibeRSS_Test-Swift.h -working-directory /Users/thienly/VibeRSS -experimental-emit-module-separately -disable-cmo

SwiftCompile normal arm64 Compiling\ ContentView.swift,\ CurrentView.swift /Users/thienly/VibeRSS/VibeRSS_Test/UI/Views/ContentView.swift /Users/thienly/VibeRSS/VibeRSS_Test/UI/Views/CurrentView.swift (in target 'VibeRSS_Test' from project 'VibeRSS_Test')

SwiftCompile normal arm64 /Users/thienly/VibeRSS/VibeRSS_Test/UI/Views/ContentView.swift (in target 'VibeRSS_Test' from project 'VibeRSS_Test')
    cd /Users/thienly/VibeRSS
    
/Users/thienly/VibeRSS/VibeRSS_Test/UI/Views/ContentView.swift:82:13: warning: immutable property will not be decoded because it is declared with an initial value which cannot be overwritten
        let id = UUID()
            ^
/Users/thienly/VibeRSS/VibeRSS_Test/UI/Views/ContentView.swift:82:13: note: set the initial value via the initializer or explicitly define a CodingKeys enum including a 'id' case to silence this warning
        let id = UUID()
            ^
/Users/thienly/VibeRSS/VibeRSS_Test/UI/Views/ContentView.swift:82:13: note: make the property mutable instead
        let id = UUID()
        ~~~ ^
        var
/Users/thienly/VibeRSS/VibeRSS_Test/UI/Views/ContentView.swift:664:21: warning: initialization of immutable value 'localRunID' was never used; consider replacing with assignment to '_' or removing it
                let localRunID = currentRefreshRunID
                ~~~~^~~~~~~~~~
                _

SwiftCompile normal arm64 /Users/thienly/VibeRSS/VibeRSS_Test/UI/Views/CurrentView.swift (in target 'VibeRSS_Test' from project 'VibeRSS_Test')
    cd /Users/thienly/VibeRSS
    
/Users/thienly/VibeRSS/VibeRSS_Test/UI/Views/CurrentView.swift:67:49: warning: result of call to 'withAnimation' is unused
                                                withAnimation(.easeInOut(duration: 0.2)) { expandedSummaries.remove(item.id) }
                                                ^            ~~~~~~~~~~~~~~~~~~~~~~~~~~~~~~~~~~~~~~~~~~~~~~~~~~~~~~~~~~~~~~~~~
/Users/thienly/VibeRSS/VibeRSS_Test/UI/Views/CurrentView.swift:70:49: warning: result of call to 'withAnimation' is unused
                                                withAnimation(.easeInOut(duration: 0.2)) { expandedSummaries.insert(item.id) }
                                                ^            ~~~~~~~~~~~~~~~~~~~~~~~~~~~~~~~~~~~~~~~~~~~~~~~~~~~~~~~~~~~~~~~~~
/Users/thienly/VibeRSS/VibeRSS_Test/UI/Views/CurrentView.swift:256:13: warning: result of call to 'withAnimation' is unused
            withAnimation(.easeInOut(duration: 0.2)) { expandedSummaries.insert(item.id) }
            ^            ~~~~~~~~~~~~~~~~~~~~~~~~~~~~~~~~~~~~~~~~~~~~~~~~~~~~~~~~~~~~~~~~~

SwiftCompile normal arm64 Compiling\ AddFeedView.swift,\ AddFolderView.swift /Users/thienly/VibeRSS/VibeRSS_Test/UI/Views/AddFeedView.swift /Users/thienly/VibeRSS/VibeRSS_Test/UI/Views/AddFolderView.swift (in target 'VibeRSS_Test' from project 'VibeRSS_Test')

SwiftCompile normal arm64 /Users/thienly/VibeRSS/VibeRSS_Test/UI/Views/AddFeedView.swift (in target 'VibeRSS_Test' from project 'VibeRSS_Test')
    cd /Users/thienly/VibeRSS
    

SwiftCompile normal arm64 /Users/thienly/VibeRSS/VibeRSS_Test/UI/Views/AddFolderView.swift (in target 'VibeRSS_Test' from project 'VibeRSS_Test')
    cd /Users/thienly/VibeRSS
    

SwiftCompile normal arm64 Compiling\ FolderItemsViewModel.swift,\ ItemsViewModel.swift /Users/thienly/VibeRSS/VibeRSS_Test/Model/FolderItemsViewModel.swift /Users/thienly/VibeRSS/VibeRSS_Test/Model/ItemsViewModel.swift (in target 'VibeRSS_Test' from project 'VibeRSS_Test')

SwiftCompile normal arm64 /Users/thienly/VibeRSS/VibeRSS_Test/Model/FolderItemsViewModel.swift (in target 'VibeRSS_Test' from project 'VibeRSS_Test')
    cd /Users/thienly/VibeRSS
    

SwiftCompile normal arm64 /Users/thienly/VibeRSS/VibeRSS_Test/Model/ItemsViewModel.swift (in target 'VibeRSS_Test' from project 'VibeRSS_Test')
    cd /Users/thienly/VibeRSS
    

SwiftCompile normal arm64 Compiling\ FeedDetailView.swift /Users/thienly/VibeRSS/VibeRSS_Test/UI/Views/FeedDetailView.swift (in target 'VibeRSS_Test' from project 'VibeRSS_Test')

SwiftCompile normal arm64 /Users/thienly/VibeRSS/VibeRSS_Test/UI/Views/FeedDetailView.swift (in target 'VibeRSS_Test' from project 'VibeRSS_Test')
    cd /Users/thienly/VibeRSS
    
/Users/thienly/VibeRSS/VibeRSS_Test/UI/Views/FeedDetailView.swift:69:49: warning: result of call to 'withAnimation' is unused
                                                withAnimation(.easeInOut(duration: 0.2)) {
                                                ^            ~~~~~~~~~~~~~~~~~~~~~~~~~~~~~
/Users/thienly/VibeRSS/VibeRSS_Test/UI/Views/FeedDetailView.swift:74:49: warning: result of call to 'withAnimation' is unused
                                                withAnimation(.easeInOut(duration: 0.2)) {
                                                ^            ~~~~~~~~~~~~~~~~~~~~~~~~~~~~~
/Users/thienly/VibeRSS/VibeRSS_Test/UI/Views/FeedDetailView.swift:258:13: warning: result of call to 'withAnimation' is unused
            withAnimation(.easeInOut(duration: 0.2)) {
            ^            ~~~~~~~~~~~~~~~~~~~~~~~~~~~~~

SwiftCompile normal arm64 Compiling\ AllArticlesView.swift,\ CollapsibleText.swift /Users/thienly/VibeRSS/VibeRSS_Test/UI/Views/AllArticlesView.swift /Users/thienly/VibeRSS/VibeRSS_Test/UI/Views/CollapsibleText.swift (in target 'VibeRSS_Test' from project 'VibeRSS_Test')

SwiftCompile normal arm64 /Users/thienly/VibeRSS/VibeRSS_Test/UI/Views/AllArticlesView.swift (in target 'VibeRSS_Test' from project 'VibeRSS_Test')
    cd /Users/thienly/VibeRSS
    
/Users/thienly/VibeRSS/VibeRSS_Test/UI/Views/AllArticlesView.swift:69:49: warning: result of call to 'withAnimation' is unused
                                                withAnimation(.easeInOut(duration: 0.2)) {
                                                ^            ~~~~~~~~~~~~~~~~~~~~~~~~~~~~~
/Users/thienly/VibeRSS/VibeRSS_Test/UI/Views/AllArticlesView.swift:74:49: warning: result of call to 'withAnimation' is unused
                                                withAnimation(.easeInOut(duration: 0.2)) {
                                                ^            ~~~~~~~~~~~~~~~~~~~~~~~~~~~~~
/Users/thienly/VibeRSS/VibeRSS_Test/UI/Views/AllArticlesView.swift:258:13: warning: result of call to 'withAnimation' is unused
            withAnimation(.easeInOut(duration: 0.2)) {
            ^            ~~~~~~~~~~~~~~~~~~~~~~~~~~~~~

SwiftCompile normal arm64 /Users/thienly/VibeRSS/VibeRSS_Test/UI/Views/CollapsibleText.swift (in target 'VibeRSS_Test' from project 'VibeRSS_Test')
    cd /Users/thienly/VibeRSS
    

SwiftEmitModule normal arm64 Emitting\ module\ for\ VibeRSS_Test (in target 'VibeRSS_Test' from project 'VibeRSS_Test')

EmitSwiftModule normal arm64 (in target 'VibeRSS_Test' from project 'VibeRSS_Test')
    cd /Users/thienly/VibeRSS
    

SwiftCompile normal arm64 Compiling\ FolderDetailView.swift /Users/thienly/VibeRSS/VibeRSS_Test/UI/Views/FolderDetailView.swift (in target 'VibeRSS_Test' from project 'VibeRSS_Test')

SwiftCompile normal arm64 /Users/thienly/VibeRSS/VibeRSS_Test/UI/Views/FolderDetailView.swift (in target 'VibeRSS_Test' from project 'VibeRSS_Test')
    cd /Users/thienly/VibeRSS
    
/Users/thienly/VibeRSS/VibeRSS_Test/UI/Views/FolderDetailView.swift:72:49: warning: result of call to 'withAnimation' is unused
                                                withAnimation(.easeInOut(duration: 0.2)) {
                                                ^            ~~~~~~~~~~~~~~~~~~~~~~~~~~~~~
/Users/thienly/VibeRSS/VibeRSS_Test/UI/Views/FolderDetailView.swift:77:49: warning: result of call to 'withAnimation' is unused
                                                withAnimation(.easeInOut(duration: 0.2)) {
                                                ^            ~~~~~~~~~~~~~~~~~~~~~~~~~~~~~
/Users/thienly/VibeRSS/VibeRSS_Test/UI/Views/FolderDetailView.swift:273:13: warning: result of call to 'withAnimation' is unused
            withAnimation(.easeInOut(duration: 0.2)) {
            ^            ~~~~~~~~~~~~~~~~~~~~~~~~~~~~~

SwiftCompile normal arm64 Compiling\ ReaderSafariView.swift /Users/thienly/VibeRSS/VibeRSS_Test/UI/Views/ReaderSafariView.swift (in target 'VibeRSS_Test' from project 'VibeRSS_Test')

SwiftCompile normal arm64 /Users/thienly/VibeRSS/VibeRSS_Test/UI/Views/ReaderSafariView.swift (in target 'VibeRSS_Test' from project 'VibeRSS_Test')
    cd /Users/thienly/VibeRSS
    

SwiftCompile normal arm64 Compiling\ VibeRSS.swift /Users/thienly/VibeRSS/VibeRSS_Test/VibeRSS.swift (in target 'VibeRSS_Test' from project 'VibeRSS_Test')

SwiftCompile normal arm64 /Users/thienly/VibeRSS/VibeRSS_Test/VibeRSS.swift (in target 'VibeRSS_Test' from project 'VibeRSS_Test')
    cd /Users/thienly/VibeRSS
    

SwiftDriverJobDiscovery normal arm64 Compiling ReaderSafariView.swift (in target 'VibeRSS_Test' from project 'VibeRSS_Test')

SwiftDriverJobDiscovery normal arm64 Compiling VibeRSS.swift (in target 'VibeRSS_Test' from project 'VibeRSS_Test')

SwiftCompile normal arm64 Compiling\ SharedUIAtoms.swift,\ SiriGradient.swift /Users/thienly/VibeRSS/VibeRSS_Test/UI/Components/SharedUIAtoms.swift /Users/thienly/VibeRSS/VibeRSS_Test/UI/Components/SiriGradient.swift (in target 'VibeRSS_Test' from project 'VibeRSS_Test')

SwiftCompile normal arm64 /Users/thienly/VibeRSS/VibeRSS_Test/UI/Components/SharedUIAtoms.swift (in target 'VibeRSS_Test' from project 'VibeRSS_Test')
    cd /Users/thienly/VibeRSS
    

SwiftCompile normal arm64 /Users/thienly/VibeRSS/VibeRSS_Test/UI/Components/SiriGradient.swift (in target 'VibeRSS_Test' from project 'VibeRSS_Test')
    cd /Users/thienly/VibeRSS
    

SwiftCompile normal arm64 Compiling\ CachedAsyncImage.swift,\ RainbowGlowText.swift /Users/thienly/VibeRSS/VibeRSS_Test/UI/Components/CachedAsyncImage.swift /Users/thienly/VibeRSS/VibeRSS_Test/UI/Components/RainbowGlowText.swift (in target 'VibeRSS_Test' from project 'VibeRSS_Test')

SwiftCompile normal arm64 /Users/thienly/VibeRSS/VibeRSS_Test/UI/Components/CachedAsyncImage.swift (in target 'VibeRSS_Test' from project 'VibeRSS_Test')
    cd /Users/thienly/VibeRSS
    

SwiftCompile normal arm64 /Users/thienly/VibeRSS/VibeRSS_Test/UI/Components/RainbowGlowText.swift (in target 'VibeRSS_Test' from project 'VibeRSS_Test')
    cd /Users/thienly/VibeRSS
    

SwiftDriverJobDiscovery normal arm64 Compiling AddFeedView.swift, AddFolderView.swift (in target 'VibeRSS_Test' from project 'VibeRSS_Test')

SwiftCompile normal arm64 Compiling\ GeneratedAssetSymbols.swift /Users/thienly/Library/Developer/Xcode/DerivedData/VibeRSS_Test-goardwdogipzivalcjwszazdpuas/Build/Intermediates.noindex/VibeRSS_Test.build/Debug-iphonesimulator/VibeRSS_Test.build/DerivedSources/GeneratedAssetSymbols.swift (in target 'VibeRSS_Test' from project 'VibeRSS_Test')

SwiftCompile normal arm64 /Users/thienly/Library/Developer/Xcode/DerivedData/VibeRSS_Test-goardwdogipzivalcjwszazdpuas/Build/Intermediates.noindex/VibeRSS_Test.build/Debug-iphonesimulator/VibeRSS_Test.build/DerivedSources/GeneratedAssetSymbols.swift (in target 'VibeRSS_Test' from project 'VibeRSS_Test')
    cd /Users/thienly/VibeRSS
    

SwiftDriverJobDiscovery normal arm64 Compiling FolderItemsViewModel.swift, ItemsViewModel.swift (in target 'VibeRSS_Test' from project 'VibeRSS_Test')

SwiftCompile normal arm64 Compiling\ DayAnchor.swift /Users/thienly/VibeRSS/VibeRSS_Test/Utilities/DayAnchor.swift (in target 'VibeRSS_Test' from project 'VibeRSS_Test')

SwiftCompile normal arm64 /Users/thienly/VibeRSS/VibeRSS_Test/Utilities/DayAnchor.swift (in target 'VibeRSS_Test' from project 'VibeRSS_Test')
    cd /Users/thienly/VibeRSS
    

SwiftDriverJobDiscovery normal arm64 Compiling GeneratedAssetSymbols.swift (in target 'VibeRSS_Test' from project 'VibeRSS_Test')

SwiftCompile normal arm64 Compiling\ ArticleThumbnailView.swift,\ ButtonsAndStyles.swift /Users/thienly/VibeRSS/VibeRSS_Test/UI/Components/ArticleThumbnailView.swift /Users/thienly/VibeRSS/VibeRSS_Test/UI/Components/ButtonsAndStyles.swift (in target 'VibeRSS_Test' from project 'VibeRSS_Test')

SwiftCompile normal arm64 /Users/thienly/VibeRSS/VibeRSS_Test/UI/Components/ArticleThumbnailView.swift (in target 'VibeRSS_Test' from project 'VibeRSS_Test')
    cd /Users/thienly/VibeRSS
    

SwiftCompile normal arm64 /Users/thienly/VibeRSS/VibeRSS_Test/UI/Components/ButtonsAndStyles.swift (in target 'VibeRSS_Test' from project 'VibeRSS_Test')
    cd /Users/thienly/VibeRSS
    

SwiftDriverJobDiscovery normal arm64 Compiling CachedAsyncImage.swift, RainbowGlowText.swift (in target 'VibeRSS_Test' from project 'VibeRSS_Test')

SwiftCompile normal arm64 Compiling\ SummarizeButton.swift,\ TodayCardView.swift /Users/thienly/VibeRSS/VibeRSS_Test/UI/Components/SummarizeButton.swift /Users/thienly/VibeRSS/VibeRSS_Test/UI/Components/TodayCardView.swift (in target 'VibeRSS_Test' from project 'VibeRSS_Test')

SwiftCompile normal arm64 /Users/thienly/VibeRSS/VibeRSS_Test/UI/Components/SummarizeButton.swift (in target 'VibeRSS_Test' from project 'VibeRSS_Test')
    cd /Users/thienly/VibeRSS
    

SwiftCompile normal arm64 /Users/thienly/VibeRSS/VibeRSS_Test/UI/Components/TodayCardView.swift (in target 'VibeRSS_Test' from project 'VibeRSS_Test')
    cd /Users/thienly/VibeRSS
    

SwiftDriverJobDiscovery normal arm64 Compiling SharedUIAtoms.swift, SiriGradient.swift (in target 'VibeRSS_Test' from project 'VibeRSS_Test')

SwiftCompile normal arm64 Compiling\ TodayView.swift /Users/thienly/VibeRSS/VibeRSS_Test/UI/Components/TodayView.swift (in target 'VibeRSS_Test' from project 'VibeRSS_Test')

SwiftCompile normal arm64 /Users/thienly/VibeRSS/VibeRSS_Test/UI/Components/TodayView.swift (in target 'VibeRSS_Test' from project 'VibeRSS_Test')
    cd /Users/thienly/VibeRSS
    

SwiftDriverJobDiscovery normal arm64 Compiling DayAnchor.swift (in target 'VibeRSS_Test' from project 'VibeRSS_Test')

SwiftCompile normal arm64 Compiling\ WebAndTypes.swift /Users/thienly/VibeRSS/VibeRSS_Test/UI/Components/WebAndTypes.swift (in target 'VibeRSS_Test' from project 'VibeRSS_Test')

SwiftCompile normal arm64 /Users/thienly/VibeRSS/VibeRSS_Test/UI/Components/WebAndTypes.swift (in target 'VibeRSS_Test' from project 'VibeRSS_Test')
    cd /Users/thienly/VibeRSS
    

SwiftDriverJobDiscovery normal arm64 Compiling ArticleThumbnailView.swift, ButtonsAndStyles.swift (in target 'VibeRSS_Test' from project 'VibeRSS_Test')

SwiftDriverJobDiscovery normal arm64 Compiling FeedDetailView.swift (in target 'VibeRSS_Test' from project 'VibeRSS_Test')

SwiftDriverJobDiscovery normal arm64 Emitting module for VibeRSS_Test (in target 'VibeRSS_Test' from project 'VibeRSS_Test')

SwiftDriver\ Compilation\ Requirements VibeRSS_Test normal arm64 com.apple.xcode.tools.swift.compiler (in target 'VibeRSS_Test' from project 'VibeRSS_Test')
    cd /Users/thienly/VibeRSS
    builtin-Swift-Compilation-Requirements -- /Applications/Xcode.app/Contents/Developer/Toolchains/XcodeDefault.xctoolchain/usr/bin/swiftc -module-name VibeRSS_Test -Onone -enforce-exclusivity\=checked @/Users/thienly/Library/Developer/Xcode/DerivedData/VibeRSS_Test-goardwdogipzivalcjwszazdpuas/Build/Intermediates.noindex/VibeRSS_Test.build/Debug-iphonesimulator/VibeRSS_Test.build/Objects-normal/arm64/VibeRSS_Test.SwiftFileList -DDEBUG -default-isolation\=MainActor -enable-bare-slash-regex -enable-upcoming-feature DisableOutwardActorInference -enable-upcoming-feature InferSendableFromCaptures -enable-upcoming-feature GlobalActorIsolatedTypesUsability -enable-upcoming-feature MemberImportVisibility -enable-upcoming-feature InferIsolatedConformances -enable-upcoming-feature NonisolatedNonsendingByDefault -enable-experimental-feature DebugDescriptionMacro -sdk /Applications/Xcode.app/Contents/Developer/Platforms/iPhoneSimulator.platform/Developer/SDKs/iPhoneSimulator26.1.sdk -target arm64-apple-ios26.0-simulator -g -module-cache-path /Users/thienly/Library/Developer/Xcode/DerivedData/ModuleCache.noindex -Xfrontend -serialize-debugging-options -profile-coverage-mapping -profile-generate -enable-testing -index-store-path /Users/thienly/Library/Developer/Xcode/DerivedData/VibeRSS_Test-goardwdogipzivalcjwszazdpuas/Index.noindex/DataStore -Xcc -D_LIBCPP_HARDENING_MODE\=_LIBCPP_HARDENING_MODE_DEBUG -swift-version 5 -I /Users/thienly/Library/Developer/Xcode/DerivedData/VibeRSS_Test-goardwdogipzivalcjwszazdpuas/Build/Products/Debug-iphonesimulator -F /Users/thienly/Library/Developer/Xcode/DerivedData/VibeRSS_Test-goardwdogipzivalcjwszazdpuas/Build/Products/Debug-iphonesimulator -emit-localized-strings -emit-localized-strings-path /Users/thienly/Library/Developer/Xcode/DerivedData/VibeRSS_Test-goardwdogipzivalcjwszazdpuas/Build/Intermediates.noindex/VibeRSS_Test.build/Debug-iphonesimulator/VibeRSS_Test.build/Objects-normal/arm64 -c -j8 -enable-batch-mode -incremental -Xcc -ivfsstatcache -Xcc /Users/thienly/Library/Developer/Xcode/DerivedData/SDKStatCaches.noindex/iphonesimulator26.1-23B77-90cf18a4295e390e64c810bc6bd7acbc.sdkstatcache -output-file-map /Users/thienly/Library/Developer/Xcode/DerivedData/VibeRSS_Test-goardwdogipzivalcjwszazdpuas/Build/Intermediates.noindex/VibeRSS_Test.build/Debug-iphonesimulator/VibeRSS_Test.build/Objects-normal/arm64/VibeRSS_Test-OutputFileMap.json -use-frontend-parseable-output -save-temps -no-color-diagnostics -explicit-module-build -module-cache-path /Users/thienly/Library/Developer/Xcode/DerivedData/VibeRSS_Test-goardwdogipzivalcjwszazdpuas/Build/Intermediates.noindex/SwiftExplicitPrecompiledModules -clang-scanner-module-cache-path /Users/thienly/Library/Developer/Xcode/DerivedData/ModuleCache.noindex -sdk-module-cache-path /Users/thienly/Library/Developer/Xcode/DerivedData/ModuleCache.noindex -serialize-diagnostics -emit-dependencies -emit-module -emit-module-path /Users/thienly/Library/Developer/Xcode/DerivedData/VibeRSS_Test-goardwdogipzivalcjwszazdpuas/Build/Intermediates.noindex/VibeRSS_Test.build/Debug-iphonesimulator/VibeRSS_Test.build/Objects-normal/arm64/VibeRSS_Test.swiftmodule -validate-clang-modules-once -clang-build-session-file /Users/thienly/Library/Developer/Xcode/DerivedData/ModuleCache.noindex/Session.modulevalidation -Xcc -I/Users/thienly/Library/Developer/Xcode/DerivedData/VibeRSS_Test-goardwdogipzivalcjwszazdpuas/Build/Intermediates.noindex/VibeRSS_Test.build/Debug-iphonesimulator/VibeRSS_Test.build/swift-overrides.hmap -emit-const-values -Xfrontend -const-gather-protocols-file -Xfrontend /Users/thienly/Library/Developer/Xcode/DerivedData/VibeRSS_Test-goardwdogipzivalcjwszazdpuas/Build/Intermediates.noindex/VibeRSS_Test.build/Debug-iphonesimulator/VibeRSS_Test.build/Objects-normal/arm64/VibeRSS_Test_const_extract_protocols.json -Xcc -iquote -Xcc /Users/thienly/Library/Developer/Xcode/DerivedData/VibeRSS_Test-goardwdogipzivalcjwszazdpuas/Build/Intermediates.noindex/VibeRSS_Test.build/Debug-iphonesimulator/VibeRSS_Test.build/VibeRSS_Test-generated-files.hmap -Xcc -I/Users/thienly/Library/Developer/Xcode/DerivedData/VibeRSS_Test-goardwdogipzivalcjwszazdpuas/Build/Intermediates.noindex/VibeRSS_Test.build/Debug-iphonesimulator/VibeRSS_Test.build/VibeRSS_Test-own-target-headers.hmap -Xcc -I/Users/thienly/Library/Developer/Xcode/DerivedData/VibeRSS_Test-goardwdogipzivalcjwszazdpuas/Build/Intermediates.noindex/VibeRSS_Test.build/Debug-iphonesimulator/VibeRSS_Test.build/VibeRSS_Test-all-target-headers.hmap -Xcc -iquote -Xcc /Users/thienly/Library/Developer/Xcode/DerivedData/VibeRSS_Test-goardwdogipzivalcjwszazdpuas/Build/Intermediates.noindex/VibeRSS_Test.build/Debug-iphonesimulator/VibeRSS_Test.build/VibeRSS_Test-project-headers.hmap -Xcc -I/Users/thienly/Library/Developer/Xcode/DerivedData/VibeRSS_Test-goardwdogipzivalcjwszazdpuas/Build/Products/Debug-iphonesimulator/include -Xcc -I/Users/thienly/Library/Developer/Xcode/DerivedData/VibeRSS_Test-goardwdogipzivalcjwszazdpuas/Build/Intermediates.noindex/VibeRSS_Test.build/Debug-iphonesimulator/VibeRSS_Test.build/DerivedSources-normal/arm64 -Xcc -I/Users/thienly/Library/Developer/Xcode/DerivedData/VibeRSS_Test-goardwdogipzivalcjwszazdpuas/Build/Intermediates.noindex/VibeRSS_Test.build/Debug-iphonesimulator/VibeRSS_Test.build/DerivedSources/arm64 -Xcc -I/Users/thienly/Library/Developer/Xcode/DerivedData/VibeRSS_Test-goardwdogipzivalcjwszazdpuas/Build/Intermediates.noindex/VibeRSS_Test.build/Debug-iphonesimulator/VibeRSS_Test.build/DerivedSources -Xcc -DDEBUG\=1 -emit-objc-header -emit-objc-header-path /Users/thienly/Library/Developer/Xcode/DerivedData/VibeRSS_Test-goardwdogipzivalcjwszazdpuas/Build/Intermediates.noindex/VibeRSS_Test.build/Debug-iphonesimulator/VibeRSS_Test.build/Objects-normal/arm64/VibeRSS_Test-Swift.h -working-directory /Users/thienly/VibeRSS -experimental-emit-module-separately -disable-cmo

Copy /Users/thienly/Library/Developer/Xcode/DerivedData/VibeRSS_Test-goardwdogipzivalcjwszazdpuas/Build/Products/Debug-iphonesimulator/VibeRSS_Test.swiftmodule/arm64-apple-ios-simulator.swiftmodule /Users/thienly/Library/Developer/Xcode/DerivedData/VibeRSS_Test-goardwdogipzivalcjwszazdpuas/Build/Intermediates.noindex/VibeRSS_Test.build/Debug-iphonesimulator/VibeRSS_Test.build/Objects-normal/arm64/VibeRSS_Test.swiftmodule (in target 'VibeRSS_Test' from project 'VibeRSS_Test')
    cd /Users/thienly/VibeRSS
    builtin-copy -exclude .DS_Store -exclude CVS -exclude .svn -exclude .git -exclude .hg -resolve-src-symlinks -rename /Users/thienly/Library/Developer/Xcode/DerivedData/VibeRSS_Test-goardwdogipzivalcjwszazdpuas/Build/Intermediates.noindex/VibeRSS_Test.build/Debug-iphonesimulator/VibeRSS_Test.build/Objects-normal/arm64/VibeRSS_Test.swiftmodule /Users/thienly/Library/Developer/Xcode/DerivedData/VibeRSS_Test-goardwdogipzivalcjwszazdpuas/Build/Products/Debug-iphonesimulator/VibeRSS_Test.swiftmodule/arm64-apple-ios-simulator.swiftmodule

Copy /Users/thienly/Library/Developer/Xcode/DerivedData/VibeRSS_Test-goardwdogipzivalcjwszazdpuas/Build/Products/Debug-iphonesimulator/VibeRSS_Test.swiftmodule/arm64-apple-ios-simulator.abi.json /Users/thienly/Library/Developer/Xcode/DerivedData/VibeRSS_Test-goardwdogipzivalcjwszazdpuas/Build/Intermediates.noindex/VibeRSS_Test.build/Debug-iphonesimulator/VibeRSS_Test.build/Objects-normal/arm64/VibeRSS_Test.abi.json (in target 'VibeRSS_Test' from project 'VibeRSS_Test')
    cd /Users/thienly/VibeRSS
    builtin-copy -exclude .DS_Store -exclude CVS -exclude .svn -exclude .git -exclude .hg -resolve-src-symlinks -rename /Users/thienly/Library/Developer/Xcode/DerivedData/VibeRSS_Test-goardwdogipzivalcjwszazdpuas/Build/Intermediates.noindex/VibeRSS_Test.build/Debug-iphonesimulator/VibeRSS_Test.build/Objects-normal/arm64/VibeRSS_Test.abi.json /Users/thienly/Library/Developer/Xcode/DerivedData/VibeRSS_Test-goardwdogipzivalcjwszazdpuas/Build/Products/Debug-iphonesimulator/VibeRSS_Test.swiftmodule/arm64-apple-ios-simulator.abi.json

Copy /Users/thienly/Library/Developer/Xcode/DerivedData/VibeRSS_Test-goardwdogipzivalcjwszazdpuas/Build/Products/Debug-iphonesimulator/VibeRSS_Test.swiftmodule/Project/arm64-apple-ios-simulator.swiftsourceinfo /Users/thienly/Library/Developer/Xcode/DerivedData/VibeRSS_Test-goardwdogipzivalcjwszazdpuas/Build/Intermediates.noindex/VibeRSS_Test.build/Debug-iphonesimulator/VibeRSS_Test.build/Objects-normal/arm64/VibeRSS_Test.swiftsourceinfo (in target 'VibeRSS_Test' from project 'VibeRSS_Test')
    cd /Users/thienly/VibeRSS
    builtin-copy -exclude .DS_Store -exclude CVS -exclude .svn -exclude .git -exclude .hg -resolve-src-symlinks -rename /Users/thienly/Library/Developer/Xcode/DerivedData/VibeRSS_Test-goardwdogipzivalcjwszazdpuas/Build/Intermediates.noindex/VibeRSS_Test.build/Debug-iphonesimulator/VibeRSS_Test.build/Objects-normal/arm64/VibeRSS_Test.swiftsourceinfo /Users/thienly/Library/Developer/Xcode/DerivedData/VibeRSS_Test-goardwdogipzivalcjwszazdpuas/Build/Products/Debug-iphonesimulator/VibeRSS_Test.swiftmodule/Project/arm64-apple-ios-simulator.swiftsourceinfo

SwiftDriverJobDiscovery normal arm64 Compiling AllArticlesView.swift, CollapsibleText.swift (in target 'VibeRSS_Test' from project 'VibeRSS_Test')

SwiftDriverJobDiscovery normal arm64 Compiling WebAndTypes.swift (in target 'VibeRSS_Test' from project 'VibeRSS_Test')

SwiftDriverJobDiscovery normal arm64 Compiling FolderDetailView.swift (in target 'VibeRSS_Test' from project 'VibeRSS_Test')

SwiftDriverJobDiscovery normal arm64 Compiling TodayView.swift (in target 'VibeRSS_Test' from project 'VibeRSS_Test')

SwiftDriverJobDiscovery normal arm64 Compiling SummarizeButton.swift, TodayCardView.swift (in target 'VibeRSS_Test' from project 'VibeRSS_Test')

SwiftDriverJobDiscovery normal arm64 Compiling ContentView.swift, CurrentView.swift (in target 'VibeRSS_Test' from project 'VibeRSS_Test')

SwiftDriver\ Compilation VibeRSS_Test normal arm64 com.apple.xcode.tools.swift.compiler (in target 'VibeRSS_Test' from project 'VibeRSS_Test')
    cd /Users/thienly/VibeRSS
    builtin-Swift-Compilation -- /Applications/Xcode.app/Contents/Developer/Toolchains/XcodeDefault.xctoolchain/usr/bin/swiftc -module-name VibeRSS_Test -Onone -enforce-exclusivity\=checked @/Users/thienly/Library/Developer/Xcode/DerivedData/VibeRSS_Test-goardwdogipzivalcjwszazdpuas/Build/Intermediates.noindex/VibeRSS_Test.build/Debug-iphonesimulator/VibeRSS_Test.build/Objects-normal/arm64/VibeRSS_Test.SwiftFileList -DDEBUG -default-isolation\=MainActor -enable-bare-slash-regex -enable-upcoming-feature DisableOutwardActorInference -enable-upcoming-feature InferSendableFromCaptures -enable-upcoming-feature GlobalActorIsolatedTypesUsability -enable-upcoming-feature MemberImportVisibility -enable-upcoming-feature InferIsolatedConformances -enable-upcoming-feature NonisolatedNonsendingByDefault -enable-experimental-feature DebugDescriptionMacro -sdk /Applications/Xcode.app/Contents/Developer/Platforms/iPhoneSimulator.platform/Developer/SDKs/iPhoneSimulator26.1.sdk -target arm64-apple-ios26.0-simulator -g -module-cache-path /Users/thienly/Library/Developer/Xcode/DerivedData/ModuleCache.noindex -Xfrontend -serialize-debugging-options -profile-coverage-mapping -profile-generate -enable-testing -index-store-path /Users/thienly/Library/Developer/Xcode/DerivedData/VibeRSS_Test-goardwdogipzivalcjwszazdpuas/Index.noindex/DataStore -Xcc -D_LIBCPP_HARDENING_MODE\=_LIBCPP_HARDENING_MODE_DEBUG -swift-version 5 -I /Users/thienly/Library/Developer/Xcode/DerivedData/VibeRSS_Test-goardwdogipzivalcjwszazdpuas/Build/Products/Debug-iphonesimulator -F /Users/thienly/Library/Developer/Xcode/DerivedData/VibeRSS_Test-goardwdogipzivalcjwszazdpuas/Build/Products/Debug-iphonesimulator -emit-localized-strings -emit-localized-strings-path /Users/thienly/Library/Developer/Xcode/DerivedData/VibeRSS_Test-goardwdogipzivalcjwszazdpuas/Build/Intermediates.noindex/VibeRSS_Test.build/Debug-iphonesimulator/VibeRSS_Test.build/Objects-normal/arm64 -c -j8 -enable-batch-mode -incremental -Xcc -ivfsstatcache -Xcc /Users/thienly/Library/Developer/Xcode/DerivedData/SDKStatCaches.noindex/iphonesimulator26.1-23B77-90cf18a4295e390e64c810bc6bd7acbc.sdkstatcache -output-file-map /Users/thienly/Library/Developer/Xcode/DerivedData/VibeRSS_Test-goardwdogipzivalcjwszazdpuas/Build/Intermediates.noindex/VibeRSS_Test.build/Debug-iphonesimulator/VibeRSS_Test.build/Objects-normal/arm64/VibeRSS_Test-OutputFileMap.json -use-frontend-parseable-output -save-temps -no-color-diagnostics -explicit-module-build -module-cache-path /Users/thienly/Library/Developer/Xcode/DerivedData/VibeRSS_Test-goardwdogipzivalcjwszazdpuas/Build/Intermediates.noindex/SwiftExplicitPrecompiledModules -clang-scanner-module-cache-path /Users/thienly/Library/Developer/Xcode/DerivedData/ModuleCache.noindex -sdk-module-cache-path /Users/thienly/Library/Developer/Xcode/DerivedData/ModuleCache.noindex -serialize-diagnostics -emit-dependencies -emit-module -emit-module-path /Users/thienly/Library/Developer/Xcode/DerivedData/VibeRSS_Test-goardwdogipzivalcjwszazdpuas/Build/Intermediates.noindex/VibeRSS_Test.build/Debug-iphonesimulator/VibeRSS_Test.build/Objects-normal/arm64/VibeRSS_Test.swiftmodule -validate-clang-modules-once -clang-build-session-file /Users/thienly/Library/Developer/Xcode/DerivedData/ModuleCache.noindex/Session.modulevalidation -Xcc -I/Users/thienly/Library/Developer/Xcode/DerivedData/VibeRSS_Test-goardwdogipzivalcjwszazdpuas/Build/Intermediates.noindex/VibeRSS_Test.build/Debug-iphonesimulator/VibeRSS_Test.build/swift-overrides.hmap -emit-const-values -Xfrontend -const-gather-protocols-file -Xfrontend /Users/thienly/Library/Developer/Xcode/DerivedData/VibeRSS_Test-goardwdogipzivalcjwszazdpuas/Build/Intermediates.noindex/VibeRSS_Test.build/Debug-iphonesimulator/VibeRSS_Test.build/Objects-normal/arm64/VibeRSS_Test_const_extract_protocols.json -Xcc -iquote -Xcc /Users/thienly/Library/Developer/Xcode/DerivedData/VibeRSS_Test-goardwdogipzivalcjwszazdpuas/Build/Intermediates.noindex/VibeRSS_Test.build/Debug-iphonesimulator/VibeRSS_Test.build/VibeRSS_Test-generated-files.hmap -Xcc -I/Users/thienly/Library/Developer/Xcode/DerivedData/VibeRSS_Test-goardwdogipzivalcjwszazdpuas/Build/Intermediates.noindex/VibeRSS_Test.build/Debug-iphonesimulator/VibeRSS_Test.build/VibeRSS_Test-own-target-headers.hmap -Xcc -I/Users/thienly/Library/Developer/Xcode/DerivedData/VibeRSS_Test-goardwdogipzivalcjwszazdpuas/Build/Intermediates.noindex/VibeRSS_Test.build/Debug-iphonesimulator/VibeRSS_Test.build/VibeRSS_Test-all-target-headers.hmap -Xcc -iquote -Xcc /Users/thienly/Library/Developer/Xcode/DerivedData/VibeRSS_Test-goardwdogipzivalcjwszazdpuas/Build/Intermediates.noindex/VibeRSS_Test.build/Debug-iphonesimulator/VibeRSS_Test.build/VibeRSS_Test-project-headers.hmap -Xcc -I/Users/thienly/Library/Developer/Xcode/DerivedData/VibeRSS_Test-goardwdogipzivalcjwszazdpuas/Build/Products/Debug-iphonesimulator/include -Xcc -I/Users/thienly/Library/Developer/Xcode/DerivedData/VibeRSS_Test-goardwdogipzivalcjwszazdpuas/Build/Intermediates.noindex/VibeRSS_Test.build/Debug-iphonesimulator/VibeRSS_Test.build/DerivedSources-normal/arm64 -Xcc -I/Users/thienly/Library/Developer/Xcode/DerivedData/VibeRSS_Test-goardwdogipzivalcjwszazdpuas/Build/Intermediates.noindex/VibeRSS_Test.build/Debug-iphonesimulator/VibeRSS_Test.build/DerivedSources/arm64 -Xcc -I/Users/thienly/Library/Developer/Xcode/DerivedData/VibeRSS_Test-goardwdogipzivalcjwszazdpuas/Build/Intermediates.noindex/VibeRSS_Test.build/Debug-iphonesimulator/VibeRSS_Test.build/DerivedSources -Xcc -DDEBUG\=1 -emit-objc-header -emit-objc-header-path /Users/thienly/Library/Developer/Xcode/DerivedData/VibeRSS_Test-goardwdogipzivalcjwszazdpuas/Build/Intermediates.noindex/VibeRSS_Test.build/Debug-iphonesimulator/VibeRSS_Test.build/Objects-normal/arm64/VibeRSS_Test-Swift.h -working-directory /Users/thienly/VibeRSS -experimental-emit-module-separately -disable-cmo

Ld /Users/thienly/Library/Developer/Xcode/DerivedData/VibeRSS_Test-goardwdogipzivalcjwszazdpuas/Build/Products/Debug-iphonesimulator/VibeRSS_Test.app/VibeRSS_Test.debug.dylib normal (in target 'VibeRSS_Test' from project 'VibeRSS_Test')
    cd /Users/thienly/VibeRSS
    /Applications/Xcode.app/Contents/Developer/Toolchains/XcodeDefault.xctoolchain/usr/bin/clang -Xlinker -reproducible -target arm64-apple-ios26.0-simulator -dynamiclib -isysroot /Applications/Xcode.app/Contents/Developer/Platforms/iPhoneSimulator.platform/Developer/SDKs/iPhoneSimulator26.1.sdk -O0 -L/Users/thienly/Library/Developer/Xcode/DerivedData/VibeRSS_Test-goardwdogipzivalcjwszazdpuas/Build/Intermediates.noindex/EagerLinkingTBDs/Debug-iphonesimulator -L/Users/thienly/Library/Developer/Xcode/DerivedData/VibeRSS_Test-goardwdogipzivalcjwszazdpuas/Build/Products/Debug-iphonesimulator -F/Users/thienly/Library/Developer/Xcode/DerivedData/VibeRSS_Test-goardwdogipzivalcjwszazdpuas/Build/Intermediates.noindex/EagerLinkingTBDs/Debug-iphonesimulator -F/Users/thienly/Library/Developer/Xcode/DerivedData/VibeRSS_Test-goardwdogipzivalcjwszazdpuas/Build/Products/Debug-iphonesimulator -filelist /Users/thienly/Library/Developer/Xcode/DerivedData/VibeRSS_Test-goardwdogipzivalcjwszazdpuas/Build/Intermediates.noindex/VibeRSS_Test.build/Debug-iphonesimulator/VibeRSS_Test.build/Objects-normal/arm64/VibeRSS_Test.LinkFileList -install_name @rpath/VibeRSS_Test.debug.dylib -Xlinker -rpath -Xlinker @executable_path/Frameworks -dead_strip -Xlinker -object_path_lto -Xlinker /Users/thienly/Library/Developer/Xcode/DerivedData/VibeRSS_Test-goardwdogipzivalcjwszazdpuas/Build/Intermediates.noindex/VibeRSS_Test.build/Debug-iphonesimulator/VibeRSS_Test.build/Objects-normal/arm64/VibeRSS_Test_lto.o -rdynamic -Xlinker -no_deduplicate -Xlinker -objc_abi_version -Xlinker 2 -Xlinker -debug_variant -Xlinker -dependency_info -Xlinker /Users/thienly/Library/Developer/Xcode/DerivedData/VibeRSS_Test-goardwdogipzivalcjwszazdpuas/Build/Intermediates.noindex/VibeRSS_Test.build/Debug-iphonesimulator/VibeRSS_Test.build/Objects-normal/arm64/VibeRSS_Test_dependency_info.dat -fobjc-link-runtime -fprofile-instr-generate -L/Applications/Xcode.app/Contents/Developer/Toolchains/XcodeDefault.xctoolchain/usr/lib/swift/iphonesimulator -L/usr/lib/swift -Xlinker -add_ast_path -Xlinker /Users/thienly/Library/Developer/Xcode/DerivedData/VibeRSS_Test-goardwdogipzivalcjwszazdpuas/Build/Intermediates.noindex/VibeRSS_Test.build/Debug-iphonesimulator/VibeRSS_Test.build/Objects-normal/arm64/VibeRSS_Test.swiftmodule @/Users/thienly/Library/Developer/Xcode/DerivedData/VibeRSS_Test-goardwdogipzivalcjwszazdpuas/Build/Intermediates.noindex/VibeRSS_Test.build/Debug-iphonesimulator/VibeRSS_Test.build/Objects-normal/arm64/VibeRSS_Test-linker-args.resp -Xlinker -alias -Xlinker _main -Xlinker ___debug_main_executable_dylib_entry_point -Xlinker -no_adhoc_codesign -o /Users/thienly/Library/Developer/Xcode/DerivedData/VibeRSS_Test-goardwdogipzivalcjwszazdpuas/Build/Products/Debug-iphonesimulator/VibeRSS_Test.app/VibeRSS_Test.debug.dylib

ConstructStubExecutorLinkFileList /Users/thienly/Library/Developer/Xcode/DerivedData/VibeRSS_Test-goardwdogipzivalcjwszazdpuas/Build/Intermediates.noindex/VibeRSS_Test.build/Debug-iphonesimulator/VibeRSS_Test.build/VibeRSS_Test-ExecutorLinkFileList-normal-arm64.txt (in target 'VibeRSS_Test' from project 'VibeRSS_Test')
    cd /Users/thienly/VibeRSS
    construct-stub-executor-link-file-list /Users/thienly/Library/Developer/Xcode/DerivedData/VibeRSS_Test-goardwdogipzivalcjwszazdpuas/Build/Products/Debug-iphonesimulator/VibeRSS_Test.app/VibeRSS_Test.debug.dylib /Applications/Xcode.app/Contents/Developer/Platforms/iPhoneSimulator.platform/Developer/usr/lib/libPreviewsJITStubExecutor_no_swift_entry_point.a /Applications/Xcode.app/Contents/Developer/Platforms/iPhoneSimulator.platform/Developer/usr/lib/libPreviewsJITStubExecutor.a --output /Users/thienly/Library/Developer/Xcode/DerivedData/VibeRSS_Test-goardwdogipzivalcjwszazdpuas/Build/Intermediates.noindex/VibeRSS_Test.build/Debug-iphonesimulator/VibeRSS_Test.build/VibeRSS_Test-ExecutorLinkFileList-normal-arm64.txt
note: Using stub executor library with Swift entry point. (in target 'VibeRSS_Test' from project 'VibeRSS_Test')

Ld /Users/thienly/Library/Developer/Xcode/DerivedData/VibeRSS_Test-goardwdogipzivalcjwszazdpuas/Build/Products/Debug-iphonesimulator/VibeRSS_Test.app/VibeRSS_Test normal (in target 'VibeRSS_Test' from project 'VibeRSS_Test')
    cd /Users/thienly/VibeRSS
    /Applications/Xcode.app/Contents/Developer/Toolchains/XcodeDefault.xctoolchain/usr/bin/clang -Xlinker -reproducible -target arm64-apple-ios26.0-simulator -isysroot /Applications/Xcode.app/Contents/Developer/Platforms/iPhoneSimulator.platform/Developer/SDKs/iPhoneSimulator26.1.sdk -O0 -L/Users/thienly/Library/Developer/Xcode/DerivedData/VibeRSS_Test-goardwdogipzivalcjwszazdpuas/Build/Products/Debug-iphonesimulator -F/Users/thienly/Library/Developer/Xcode/DerivedData/VibeRSS_Test-goardwdogipzivalcjwszazdpuas/Build/Products/Debug-iphonesimulator -Xlinker -rpath -Xlinker @executable_path -Xlinker -rpath -Xlinker @executable_path/Frameworks -rdynamic -Xlinker -no_deduplicate -Xlinker -objc_abi_version -Xlinker 2 -Xlinker -debug_variant -e ___debug_blank_executor_main -Xlinker -sectcreate -Xlinker __TEXT -Xlinker __debug_dylib -Xlinker /Users/thienly/Library/Developer/Xcode/DerivedData/VibeRSS_Test-goardwdogipzivalcjwszazdpuas/Build/Intermediates.noindex/VibeRSS_Test.build/Debug-iphonesimulator/VibeRSS_Test.build/VibeRSS_Test-DebugDylibPath-normal-arm64.txt -Xlinker -sectcreate -Xlinker __TEXT -Xlinker __debug_instlnm -Xlinker /Users/thienly/Library/Developer/Xcode/DerivedData/VibeRSS_Test-goardwdogipzivalcjwszazdpuas/Build/Intermediates.noindex/VibeRSS_Test.build/Debug-iphonesimulator/VibeRSS_Test.build/VibeRSS_Test-DebugDylibInstallName-normal-arm64.txt -Xlinker -filelist -Xlinker /Users/thienly/Library/Developer/Xcode/DerivedData/VibeRSS_Test-goardwdogipzivalcjwszazdpuas/Build/Intermediates.noindex/VibeRSS_Test.build/Debug-iphonesimulator/VibeRSS_Test.build/VibeRSS_Test-ExecutorLinkFileList-normal-arm64.txt -Xlinker -sectcreate -Xlinker __TEXT -Xlinker __entitlements -Xlinker /Users/thienly/Library/Developer/Xcode/DerivedData/VibeRSS_Test-goardwdogipzivalcjwszazdpuas/Build/Intermediates.noindex/VibeRSS_Test.build/Debug-iphonesimulator/VibeRSS_Test.build/VibeRSS_Test.app-Simulated.xcent -Xlinker -sectcreate -Xlinker __TEXT -Xlinker __ents_der -Xlinker /Users/thienly/Library/Developer/Xcode/DerivedData/VibeRSS_Test-goardwdogipzivalcjwszazdpuas/Build/Intermediates.noindex/VibeRSS_Test.build/Debug-iphonesimulator/VibeRSS_Test.build/VibeRSS_Test.app-Simulated.xcent.der /Users/thienly/Library/Developer/Xcode/DerivedData/VibeRSS_Test-goardwdogipzivalcjwszazdpuas/Build/Products/Debug-iphonesimulator/VibeRSS_Test.app/VibeRSS_Test.debug.dylib -Xlinker -no_adhoc_codesign -o /Users/thienly/Library/Developer/Xcode/DerivedData/VibeRSS_Test-goardwdogipzivalcjwszazdpuas/Build/Products/Debug-iphonesimulator/VibeRSS_Test.app/VibeRSS_Test

CopySwiftLibs /Users/thienly/Library/Developer/Xcode/DerivedData/VibeRSS_Test-goardwdogipzivalcjwszazdpuas/Build/Products/Debug-iphonesimulator/VibeRSS_Test.app (in target 'VibeRSS_Test' from project 'VibeRSS_Test')
    cd /Users/thienly/VibeRSS
    builtin-swiftStdLibTool --copy --verbose --sign - --scan-executable /Users/thienly/Library/Developer/Xcode/DerivedData/VibeRSS_Test-goardwdogipzivalcjwszazdpuas/Build/Products/Debug-iphonesimulator/VibeRSS_Test.app/VibeRSS_Test.debug.dylib --scan-folder /Users/thienly/Library/Developer/Xcode/DerivedData/VibeRSS_Test-goardwdogipzivalcjwszazdpuas/Build/Products/Debug-iphonesimulator/VibeRSS_Test.app/Frameworks --scan-folder /Users/thienly/Library/Developer/Xcode/DerivedData/VibeRSS_Test-goardwdogipzivalcjwszazdpuas/Build/Products/Debug-iphonesimulator/VibeRSS_Test.app/PlugIns --scan-folder /Users/thienly/Library/Developer/Xcode/DerivedData/VibeRSS_Test-goardwdogipzivalcjwszazdpuas/Build/Products/Debug-iphonesimulator/VibeRSS_Test.app/SystemExtensions --scan-folder /Users/thienly/Library/Developer/Xcode/DerivedData/VibeRSS_Test-goardwdogipzivalcjwszazdpuas/Build/Products/Debug-iphonesimulator/VibeRSS_Test.app/Extensions --platform iphonesimulator --toolchain /Applications/Xcode.app/Contents/Developer/Toolchains/XcodeDefault.xctoolchain --destination /Users/thienly/Library/Developer/Xcode/DerivedData/VibeRSS_Test-goardwdogipzivalcjwszazdpuas/Build/Products/Debug-iphonesimulator/VibeRSS_Test.app/Frameworks --strip-bitcode --strip-bitcode-tool /Applications/Xcode.app/Contents/Developer/Toolchains/XcodeDefault.xctoolchain/usr/bin/bitcode_strip --emit-dependency-info /Users/thienly/Library/Developer/Xcode/DerivedData/VibeRSS_Test-goardwdogipzivalcjwszazdpuas/Build/Intermediates.noindex/VibeRSS_Test.build/Debug-iphonesimulator/VibeRSS_Test.build/SwiftStdLibToolInputDependencies.dep --filter-for-swift-os

ExtractAppIntentsMetadata (in target 'VibeRSS_Test' from project 'VibeRSS_Test')
    cd /Users/thienly/VibeRSS
    /Applications/Xcode.app/Contents/Developer/Toolchains/XcodeDefault.xctoolchain/usr/bin/appintentsmetadataprocessor --toolchain-dir /Applications/Xcode.app/Contents/Developer/Toolchains/XcodeDefault.xctoolchain --module-name VibeRSS_Test --sdk-root /Applications/Xcode.app/Contents/Developer/Platforms/iPhoneSimulator.platform/Developer/SDKs/iPhoneSimulator26.1.sdk --xcode-version 17B100 --platform-family iOS --deployment-target 26.0 --bundle-identifier IDKN.VibeRSS-Test --output /Users/thienly/Library/Developer/Xcode/DerivedData/VibeRSS_Test-goardwdogipzivalcjwszazdpuas/Build/Products/Debug-iphonesimulator/VibeRSS_Test.app --target-triple arm64-apple-ios26.0-simulator --binary-file /Users/thienly/Library/Developer/Xcode/DerivedData/VibeRSS_Test-goardwdogipzivalcjwszazdpuas/Build/Products/Debug-iphonesimulator/VibeRSS_Test.app/VibeRSS_Test --dependency-file /Users/thienly/Library/Developer/Xcode/DerivedData/VibeRSS_Test-goardwdogipzivalcjwszazdpuas/Build/Intermediates.noindex/VibeRSS_Test.build/Debug-iphonesimulator/VibeRSS_Test.build/Objects-normal/arm64/VibeRSS_Test_dependency_info.dat --stringsdata-file /Users/thienly/Library/Developer/Xcode/DerivedData/VibeRSS_Test-goardwdogipzivalcjwszazdpuas/Build/Intermediates.noindex/VibeRSS_Test.build/Debug-iphonesimulator/VibeRSS_Test.build/Objects-normal/arm64/ExtractedAppShortcutsMetadata.stringsdata --source-file-list /Users/thienly/Library/Developer/Xcode/DerivedData/VibeRSS_Test-goardwdogipzivalcjwszazdpuas/Build/Intermediates.noindex/VibeRSS_Test.build/Debug-iphonesimulator/VibeRSS_Test.build/Objects-normal/arm64/VibeRSS_Test.SwiftFileList --metadata-file-list /Users/thienly/Library/Developer/Xcode/DerivedData/VibeRSS_Test-goardwdogipzivalcjwszazdpuas/Build/Intermediates.noindex/VibeRSS_Test.build/Debug-iphonesimulator/VibeRSS_Test.build/VibeRSS_Test.DependencyMetadataFileList --static-metadata-file-list /Users/thienly/Library/Developer/Xcode/DerivedData/VibeRSS_Test-goardwdogipzivalcjwszazdpuas/Build/Intermediates.noindex/VibeRSS_Test.build/Debug-iphonesimulator/VibeRSS_Test.build/VibeRSS_Test.DependencyStaticMetadataFileList --swift-const-vals-list /Users/thienly/Library/Developer/Xcode/DerivedData/VibeRSS_Test-goardwdogipzivalcjwszazdpuas/Build/Intermediates.noindex/VibeRSS_Test.build/Debug-iphonesimulator/VibeRSS_Test.build/Objects-normal/arm64/VibeRSS_Test.SwiftConstValuesFileList --compile-time-extraction --deployment-aware-processing --validate-assistant-intents --no-app-shortcuts-localization
2025-11-29 04:17:42.239 appintentsmetadataprocessor[56138:4073844] Starting appintentsmetadataprocessor export
2025-11-29 04:17:42.241 appintentsmetadataprocessor[56138:4073844] warning: Metadata extraction skipped. No AppIntents.framework dependency found.

CodeSign /Users/thienly/Library/Developer/Xcode/DerivedData/VibeRSS_Test-goardwdogipzivalcjwszazdpuas/Build/Products/Debug-iphonesimulator/VibeRSS_Test.app/VibeRSS_Test.debug.dylib (in target 'VibeRSS_Test' from project 'VibeRSS_Test')
    cd /Users/thienly/VibeRSS
    
    Signing Identity:     "Sign to Run Locally"
    
    /usr/bin/codesign --force --sign - --timestamp\=none --generate-entitlement-der /Users/thienly/Library/Developer/Xcode/DerivedData/VibeRSS_Test-goardwdogipzivalcjwszazdpuas/Build/Products/Debug-iphonesimulator/VibeRSS_Test.app/VibeRSS_Test.debug.dylib

CodeSign /Users/thienly/Library/Developer/Xcode/DerivedData/VibeRSS_Test-goardwdogipzivalcjwszazdpuas/Build/Products/Debug-iphonesimulator/VibeRSS_Test.app/__preview.dylib (in target 'VibeRSS_Test' from project 'VibeRSS_Test')
    cd /Users/thienly/VibeRSS
    
    Signing Identity:     "Sign to Run Locally"
    
    /usr/bin/codesign --force --sign - --timestamp\=none --generate-entitlement-der /Users/thienly/Library/Developer/Xcode/DerivedData/VibeRSS_Test-goardwdogipzivalcjwszazdpuas/Build/Products/Debug-iphonesimulator/VibeRSS_Test.app/__preview.dylib
/Users/thienly/Library/Developer/Xcode/DerivedData/VibeRSS_Test-goardwdogipzivalcjwszazdpuas/Build/Products/Debug-iphonesimulator/VibeRSS_Test.app/__preview.dylib: replacing existing signature

CodeSign /Users/thienly/Library/Developer/Xcode/DerivedData/VibeRSS_Test-goardwdogipzivalcjwszazdpuas/Build/Products/Debug-iphonesimulator/VibeRSS_Test.app (in target 'VibeRSS_Test' from project 'VibeRSS_Test')
    cd /Users/thienly/VibeRSS
    
    Signing Identity:     "Sign to Run Locally"
    
    /usr/bin/codesign --force --sign - --timestamp\=none --generate-entitlement-der /Users/thienly/Library/Developer/Xcode/DerivedData/VibeRSS_Test-goardwdogipzivalcjwszazdpuas/Build/Products/Debug-iphonesimulator/VibeRSS_Test.app

Validate /Users/thienly/Library/Developer/Xcode/DerivedData/VibeRSS_Test-goardwdogipzivalcjwszazdpuas/Build/Products/Debug-iphonesimulator/VibeRSS_Test.app (in target 'VibeRSS_Test' from project 'VibeRSS_Test')
    cd /Users/thienly/VibeRSS
    builtin-validationUtility /Users/thienly/Library/Developer/Xcode/DerivedData/VibeRSS_Test-goardwdogipzivalcjwszazdpuas/Build/Products/Debug-iphonesimulator/VibeRSS_Test.app -shallow-bundle -infoplist-subpath Info.plist

** BUILD SUCCEEDED **

